? 1 100
? 2 100
? 1 99
? 3 100
? 1 98
? 2 99
? 4 100
? 3 99
? 1 97
? 2 98
? 3 98
? 4 99
? 1 96
? 5 100
? 2 97
? 4 98
? 2 96
? 1 95
? 5 99
? 6 100
? 3 97
? 5 98
? 4 97
? 2 95
? 1 94
? 6 99
? 3 96
? 7 100
? 7 99
? 8 100
? 2 94
? 4 96
? 5 97
? 1 93
? 6 98
? 3 95
? 4 95
? 8 99
? 3 94
? 1 92
? 9 100
? 6 97
? 5 96
? 7 98
? 2 93
? 7 97
? 6 96
? 5 95
? 9 99
? 3 93
? 8 98
? 4 94
? 2 92
? 10 100
? 1 91
? 3 92
? 11 100
? 8 97
? 10 99
? 4 93
? 9 98
? 2 91
? 7 96
? 6 95
? 5 94
? 1 90
? 2 90
? 1 89
? 6 94
? 9 97
? 3 91
? 5 93
? 4 92
? 8 96
? 10 98
? 11 99
? 12 100
? 7 95
? 9 96
? 2 89
? 8 95
? 13 100
? 12 99
? 1 88
? 4 91
? 7 94
? 10 97
? 5 92
? 11 98
? 6 93
? 3 90
? 6 92
? 13 99
? 12 98
? 7 93
? 14 100
? 1 87
? 10 96
? 5 91
? 8 94
? 11 97
? 4 90
? 2 88
? 9 95
? 3 89
? 6 91
? 13 98
? 1 86
? 5 90
? 11 96
? 7 92
? 14 99
? 2 87
? 9 94
? 12 97
? 3 88
? 15 100
? 10 95
? 8 93
? 4 89
? 12 96
? 1 85
? 13 97
? 6 90
? 3 87
? 15 99
? 9 93
? 2 86
? 4 88
? 11 95
? 8 92
? 10 94
? 16 100
? 5 89
? 14 98
? 7 91
? 6 89
? 8 91
? 3 86
? 14 97
? 16 99
? 15 98
? 17 100
? 7 90
? 5 88
? 9 92
? 2 85
? 4 87
? 11 94
? 1 84
? 13 96
? 12 95
? 10 93
? 10 92
? 11 93
? 5 87
? 2 84
? 7 89
? 16 98
? 12 94
? 6 88
? 4 86
? 15 97
? 14 96
? 1 83
? 3 85
? 18 100
? 8 90
? 13 95
? 9 91
? 17 99
? 19 100
? 12 93
? 9 90
? 16 97
? 10 91
? 4 85
? 18 99
? 7 88
? 3 84
? 13 94
? 15 96
? 17 98
? 11 92
? 1 82
? 8 89
? 6 87
? 2 83
? 14 95
? 5 86
? 14 94
? 17 97
? 9 89
? 18 98
? 10 90
? 3 83
? 4 84
? 1 81
? 19 99
? 20 100
? 15 95
? 8 88
? 11 91
? 16 96
? 13 93
? 12 92
? 2 82
? 5 85
? 6 86
? 7 87
? 14 93
? 15 94
? 2 81
? 21 100
? 8 87
? 13 92
? 5 84
? 11 90
? 18 97
? 1 80
? 9 88
? 20 99
? 19 98
? 7 86
? 4 83
? 3 82
? 6 85
? 12 91
? 10 89
? 17 96
? 16 95
? 3 81
? 20 98
? 1 79
? 8 86
? 18 96
? 15 93
? 19 97
? 16 94
? 4 82
? 10 88
? 12 90
? 22 100
? 17 95
? 7 85
? 11 89
? 21 99
? 5 83
? 6 84
? 14 92
? 2 80
? 13 91
? 9 87
? 2 79
? 23 100
? 3 80
? 13 90
? 7 84
? 4 81
? 22 99
? 18 95
? 20 97
? 6 83
? 16 93
? 1 78
? 10 87
? 15 92
? 11 88
? 19 96
? 21 98
? 12 89
? 17 94
? 14 91
? 9 86
? 8 85
? 5 82
? 24 100
? 21 97
? 1 77
? 13 89
? 7 83
? 16 92
? 14 90
? 19 95
? 8 84
? 10 86
? 15 91
? 6 82
? 11 87
? 18 94
? 9 85
? 12 88
? 17 93
? 5 81
? 23 99
? 20 96
? 3 79
? 4 80
? 22 98
? 2 78
? 15 90
? 23 98
? 21 96
? 13 88
? 24 99
? 14 89
? 7 82
? 12 87
? 6 81
? 3 78
? 20 95
? 4 79
? 9 84
? 22 97
? 2 77
? 5 80
? 1 76
? 18 93
? 17 92
? 16 91
? 10 85
? 25 100
? 11 86
? 19 94
? 8 83
? 11 85
? 6 80
? 23 97
? 4 78
? 22 96
? 18 92
? 16 90
? 12 86
? 13 87
? 19 93
? 14 88
? 25 99
? 10 84
? 17 91
? 9 83
? 3 77
? 20 94
? 2 76
? 1 75
? 5 79
? 26 100
? 8 82
? 24 98
? 21 95
? 7 81
? 15 89
? 23 96
? 22 95
? 24 97
? 10 83
? 2 75
? 4 77
? 20 93
? 7 80
? 1 74
? 3 76
? 6 79
? 9 82
? 13 86
? 11 84
? 15 88
? 27 100
? 5 78
? 25 98
? 17 90
? 16 89
? 12 85
? 14 87
? 18 91
? 26 99
? 21 94
? 8 81
? 19 92
? 9 81
? 28 100
? 13 85
? 6 78
? 2 74
? 7 79
? 22 94
? 5 77
? 20 92
? 17 89
? 12 84
? 18 90
? 21 93
? 27 99
? 14 86
? 11 83
? 23 95
? 4 76
? 15 87
? 3 75
? 24 96
? 10 82
? 1 73
? 16 88
? 25 97
? 8 80
? 26 98
? 19 91
? 26 97
? 23 94
? 19 90
? 14 85
? 12 83
? 1 72
? 5 76
? 20 91
? 24 95
? 25 96
? 8 79
? 21 92
? 17 88
? 18 89
? 7 78
? 9 80
? 10 81
? 27 98
? 15 86
? 29 100
? 13 84
? 4 75
? 28 99
? 6 77
? 22 93
? 3 74
? 2 73
? 16 87
? 11 82
? 17 87
? 28 98
? 20 90
? 5 75
? 10 80
? 25 95
? 15 85
? 26 96
? 1 71
? 3 73
? 2 72
? 18 88
? 11 81
? 8 78
? 14 84
? 23 93
? 19 89
? 4 74
? 22 92
? 27 97
? 24 94
? 6 76
? 21 91
? 16 86
? 9 79
? 12 82
? 29 99
? 13 83
? 30 100
? 7 77
? 14 83
? 11 80
? 22 91
? 2 71
? 7 76
? 4 73
? 3 72
? 15 84
? 27 96
? 9 78
? 30 99
? 29 98
? 10 79
? 28 97
? 31 100
? 18 87
? 25 94
? 20 89
? 17 86
? 21 90
? 8 77
? 1 70
? 5 74
? 24 93
? 19 88
? 23 92
? 16 85
? 26 95
? 6 75
? 13 82
? 12 81
? 19 87
? 6 74
? 20 88
? 11 79
? 18 86
? 28 96
? 1 69
? 21 89
? 31 99
? 26 94
? 22 90
? 30 98
? 4 72
? 16 84
? 13 81
? 32 100
? 15 83
? 23 91
? 10 78
? 3 71
? 24 92
? 8 76
? 25 93
? 7 75
? 14 82
? 27 95
? 12 80
? 5 73
? 9 77
? 29 97
? 2 70
? 17 85
? 32 99
? 28 95
? 2 69
? 3 70
? 10 77
? 29 96
? 15 82
? 33 100
? 13 80
? 11 78
? 9 76
? 6 73
? 27 94
? 26 93
? 14 81
? 19 86
? 12 79
? 5 72
? 17 84
? 20 87
? 18 85
? 7 74
? 21 88
? 31 98
? 22 89
? 30 97
? 4 71
? 25 92
? 24 91
? 1 68
? 23 90
? 8 75
? 16 83
? 10 76
? 11 77
? 12 78
? 17 83
? 8 74
? 7 73
? 18 84
? 9 75
? 14 80
? 15 81
? 13 79
? 16 82
? 34 100
? 4 70
? 20 86
? 29 95
? 28 94
? 5 71
? 2 68
? 27 93
? 1 67
? 26 92
? 30 96
? 19 85
? 21 87
? 6 72
? 31 97
? 3 69
? 33 99
? 25 91
? 23 89
? 22 88
? 32 98
? 24 90
? 28 93
? 17 82
? 2 67
? 5 70
? 23 88
? 8 73
? 16 81
? 29 94
? 4 69
? 6 71
? 35 100
? 9 74
? 14 79
? 27 92
? 24 89
? 7 72
? 26 91
? 21 86
? 22 87
? 34 99
? 15 80
? 25 90
? 3 68
? 32 97
? 20 85
? 18 83
? 19 84
? 31 96
? 10 75
? 11 76
? 12 77
? 33 98
? 1 66
? 30 95
? 13 78
? 24 88
? 26 90
? 21 85
? 35 99
? 27 91
? 36 100
? 7 71
? 19 83
? 34 98
? 31 95
? 15 79
? 8 72
? 3 67
? 12 76
? 33 97
? 25 89
? 22 86
? 32 96
? 17 81
? 4 68
? 6 70
? 28 92
? 10 74
? 5 69
? 16 80
? 2 66
? 1 65
? 18 82
? 20 84
? 9 73
? 23 87
? 11 75
? 14 78
? 30 94
? 29 93
? 13 77
? 8 71
? 33 96
? 37 100
? 4 67
? 23 86
? 16 79
? 31 94
? 24 87
? 11 74
? 9 72
? 35 98
? 34 97
? 29 92
? 13 76
? 10 73
? 28 91
? 2 65
? 30 93
? 25 88
? 14 77
? 27 90
? 1 64
? 26 89
? 15 78
? 3 66
? 12 75
? 32 95
? 5 68
? 22 85
? 19 82
? 7 70
? 36 99
? 18 81
? 20 83
? 21 84
? 6 69
? 17 80
? 5 67
? 10 72
? 12 74
? 9 71
? 37 99
? 24 86
? 34 96
? 14 76
? 33 95
? 29 91
? 31 93
? 32 94
? 4 66
? 8 70
? 3 65
? 35 97
? 2 64
? 19 81
? 28 90
? 22 84
? 13 75
? 25 87
? 18 80
? 23 85
? 1 63
? 6 68
? 21 83
? 11 73
? 16 78
? 38 100
? 15 77
? 20 82
? 7 69
? 30 92
? 36 98
? 27 89
? 17 79
? 26 88
? 12 73
? 33 94
? 37 98
? 5 66
? 22 83
? 26 87
? 35 96
? 29 90
? 3 64
? 15 76
? 21 82
? 36 97
? 38 99
? 28 89
? 11 72
? 30 91
? 20 81
? 32 93
? 39 100
? 18 79
? 10 71
? 7 68
? 16 77
? 24 85
? 6 67
? 31 92
? 9 70
? 23 84
? 14 75
? 8 69
? 17 78
? 34 95
? 27 88
? 19 80
? 1 62
? 2 63
? 4 65
? 25 86
? 13 74
? 7 67
? 22 82
? 38 98
? 39 99
? 2 62
? 34 94
? 23 83
? 12 72
? 19 79
? 14 74
? 27 87
? 28 88
? 13 73
? 32 92
? 1 61
? 4 64
? 20 80
? 16 76
? 11 71
? 30 90
? 31 91
? 10 70
? 24 84
? 17 77
? 35 95
? 8 68
? 6 66
? 9 69
? 37 97
? 25 85
? 18 78
? 3 63
? 5 65
? 33 93
? 29 89
? 26 86
? 21 81
? 36 96
? 15 75
? 40 100
? 41 100
? 32 91
? 34 93
? 2 61
? 28 87
? 38 97
? 12 71
? 40 99
? 29 88
? 21 80
? 23 82
? 18 77
? 13 72
? 35 94
? 10 69
? 31 90
? 30 89
? 20 79
? 1 60
? 33 92
? 4 63
? 27 86
? 19 78
? 16 75
? 11 70
? 15 74
? 36 95
? 26 85
? 9 68
? 37 96
? 3 62
? 24 83
? 22 81
? 25 84
? 6 65
? 17 76
? 8 67
? 7 66
? 5 64
? 39 98
? 14 73
? 22 80
? 26 84
? 30 88
? 31 89
? 3 61
? 21 79
? 32 90
? 14 72
? 17 75
? 24 82
? 18 76
? 12 70
? 41 99
? 25 83
? 10 68
? 6 64
? 13 71
? 36 94
? 9 67
? 42 100
? 34 92
? 8 66
? 35 93
? 37 95
? 23 81
? 28 86
? 19 77
? 1 59
? 27 85
? 4 62
? 38 96
? 20 78
? 5 63
? 2 60
? 16 74
? 29 87
? 40 98
? 39 97
? 11 69
? 7 65
? 33 91
? 15 73
? 10 67
? 35 92
? 37 94
? 30 87
? 42 99
? 43 100
? 1 58
? 24 81
? 11 68
? 4 61
? 31 88
? 23 80
? 17 74
? 20 77
? 16 73
? 34 91
? 41 98
? 9 66
? 7 64
? 2 59
? 12 69
? 39 96
? 28 85
? 27 84
? 38 95
? 14 71
? 5 62
? 33 90
? 40 97
? 15 72
? 19 76
? 26 83
? 3 60
? 21 78
? 29 86
? 8 65
? 32 89
? 36 93
? 13 70
? 25 82
? 18 75
? 6 63
? 22 79
? 12 68
? 31 87
? 28 84
? 42 98
? 11 67
? 32 88
? 6 62
? 33 89
? 19 75
? 44 100
? 21 77
? 29 85
? 40 96
? 14 70
? 38 94
? 36 92
? 2 58
? 41 97
? 25 81
? 43 99
? 8 64
? 7 63
? 9 65
? 39 95
? 27 83
? 22 78
? 5 61
? 3 59
? 15 71
? 26 82
? 23 79
? 30 86
? 1 57
? 10 66
? 35 91
? 34 90
? 24 80
? 16 72
? 20 76
? 13 69
? 37 93
? 18 74
? 4 60
? 17 73
? 17 72
? 45 100
? 26 81
? 42 97
? 23 78
? 25 80
? 16 71
? 37 92
? 36 91
? 44 99
? 24 79
? 21 76
? 43 98
? 31 86
? 35 90
? 30 85
? 34 89
? 20 75
? 40 95
? 13 68
? 32 87
? 18 73
? 22 77
? 19 74
? 29 84
? 14 69
? 28 83
? 12 67
? 41 96
? 27 82
? 33 88
? 15 70
? 6 61
? 39 94
? 10 65
? 5 60
? 8 63
? 1 56
? 3 58
? 11 66
? 2 57
? 38 93
? 7 62
? 9 64
? 4 59
? 24 78
? 39 93
? 25 79
? 3 57
? 45 99
? 12 66
? 15 69
? 31 85
? 8 62
? 46 100
? 37 91
? 4 58
? 23 77
? 11 65
? 1 55
? 29 83
? 34 88
? 40 94
? 13 67
? 38 92
? 2 56
? 28 82
? 30 84
? 26 80
? 44 98
? 41 95
? 10 64
? 35 89
? 27 81
? 43 97
? 14 68
? 9 63
? 19 73
? 21 75
? 5 59
? 20 74
? 33 87
? 6 60
? 7 61
? 42 96
? 22 76
? 18 72
? 16 70
? 36 90
? 17 71
? 32 86
? 7 60
? 26 79
? 14 67
? 43 96
? 27 80
? 47 100
? 9 62
? 35 88
? 42 95
? 20 73
? 10 63
? 16 69
? 41 94
? 33 86
? 44 97
? 1 54
? 6 59
? 30 83
? 34 87
? 28 81
? 19 72
? 2 55
? 38 91
? 18 71
? 40 93
? 13 66
? 11 64
? 29 82
? 25 78
? 46 99
? 8 61
? 22 75
? 5 58
? 37 90
? 24 77
? 15 68
? 4 57
? 36 89
? 12 65
? 31 84
? 23 76
? 39 92
? 45 98
? 17 70
? 32 85
? 21 74
? 3 56
? 4 56
? 48 100
? 22 74
? 28 80
? 16 68
? 29 81
? 37 89
? 19 71
? 2 54
? 18 70
? 13 65
? 38 90
? 24 76
? 23 75
? 36 88
? 39 91
? 26 78
? 9 61
? 3 55
? 17 69
? 21 73
? 14 66
? 7 59
? 27 79
? 47 99
? 25 77
? 46 98
? 15 67
? 20 72
? 41 93
? 6 58
? 34 86
? 45 97
? 44 96
? 5 57
? 8 60
? 12 64
? 11 63
? 40 92
? 42 94
? 30 82
? 1 53
? 35 87
? 31 83
? 10 62
? 32 84
? 43 95
? 33 85
? 2 53
? 25 76
? 12 63
? 21 72
? 49 100
? 40 91
? 30 81
? 38 89
? 3 54
? 28 79
? 15 66
? 1 52
? 27 78
? 14 65
? 43 94
? 41 92
? 10 61
? 5 56
? 9 60
? 34 85
? 45 96
? 44 95
? 47 98
? 18 69
? 26 77
? 11 62
? 32 83
? 37 88
? 19 70
? 36 87
? 33 84
? 22 73
? 13 64
? 39 90
? 4 55
? 20 71
? 29 80
? 8 59
? 31 82
? 35 86
? 23 74
? 46 97
? 42 93
? 24 75
? 16 67
? 48 99
? 6 57
? 17 68
? 7 58
? 3 53
? 20 70
? 36 86
? 19 69
? 4 54
? 5 55
? 9 59
? 31 81
? 23 73
? 38 88
? 14 64
? 27 77
? 16 66
? 35 85
? 39 89
? 15 65
? 12 62
? 26 76
? 37 87
? 25 75
? 24 74
? 40 90
? 6 56
? 47 97
? 50 100
? 8 58
? 22 72
? 43 93
? 49 99
? 33 83
? 45 95
? 46 96
? 42 92
? 17 67
? 1 51
? 34 84
? 10 60
? 28 78
? 41 91
? 18 68
? 29 79
? 7 57
? 2 52
? 32 82
? 44 94
? 48 98
? 11 61
? 30 80
? 13 63
? 21 71
? 13 62
? 11 60
? 12 61
? 34 83
? 51 100
? 19 68
? 39 88
? 31 80
? 46 95
? 26 75
? 49 98
? 29 78
? 2 51
? 45 94
? 28 77
? 15 64
? 4 53
? 36 85
? 50 99
? 43 92
? 10 59
? 17 66
? 37 86
? 47 96
? 20 69
? 25 74
? 22 71
? 8 57
? 35 84
? 14 63
? 48 97
? 42 91
? 41 90
? 21 70
? 38 87
? 33 82
? 18 67
? 6 55
? 1 50
? 9 58
? 32 81
? 40 89
? 5 54
? 16 65
? 27 76
? 7 56
? 24 73
? 23 72
? 30 79
? 44 93
? 3 52
? 37 85
? 4 52
? 25 73
? 8 56
? 17 65
? 21 69
? 48 96
? 15 63
? 22 70
? 6 54
? 2 50
? 40 88
? 12 60
? 46 94
? 36 84
? 24 72
? 13 61
? 52 100
? 26 74
? 30 78
? 44 92
? 39 87
? 3 51
? 23 71
? 35 83
? 5 53
? 7 55
? 9 57
? 20 68
? 38 86
? 41 89
? 1 49
? 14 62
? 42 90
? 16 64
? 18 66
? 32 80
? 27 75
? 33 81
? 34 82
? 10 58
? 43 91
? 50 98
? 47 95
? 19 67
? 11 59
? 51 99
? 29 77
? 45 93
? 49 97
? 28 76
? 31 79
? 31 78
? 50 97
? 13 60
? 29 76
? 16 63
? 23 70
? 36 83
? 20 67
? 34 81
? 4 51
? 42 89
? 35 82
? 46 93
? 7 54
? 30 77
? 39 86
? 52 99
? 25 72
? 10 57
? 47 94
? 11 58
? 43 90
? 17 64
? 53 100
? 45 92
? 28 75
? 26 73
? 33 80
? 8 55
? 3 50
? 5 52
? 41 88
? 9 56
? 38 85
? 18 65
? 14 61
? 32 79
? 27 74
? 1 48
? 19 66
? 6 53
? 48 95
? 40 87
? 22 69
? 21 68
? 24 71
? 44 91
? 37 84
? 51 98
? 12 59
? 49 96
? 2 49
? 15 62
? 33 79
? 47 93
? 40 86
? 32 78
? 23 69
? 54 100
? 35 81
? 5 51
? 41 87
? 21 67
? 17 63
? 7 53
? 22 68
? 37 83
? 49 95
? 27 73
? 19 65
? 6 52
? 8 54
? 36 82
? 2 48
? 24 70
? 51 97
? 53 99
? 12 58
? 15 61
? 28 74
? 1 47
? 16 62
? 11 57
? 25 71
? 14 60
? 43 89
? 38 84
? 45 91
? 9 55
? 18 64
? 26 72
? 52 98
? 3 49
? 48 94
? 31 77
? 13 59
? 10 56
? 44 90
? 34 80
? 4 50
? 39 85
? 29 75
? 30 76
? 42 88
? 50 96
? 46 92
? 20 66
? 9 54
? 33 78
? 30 75
? 32 77
? 13 58
? 18 63
? 16 61
? 14 59
? 5 50
? 27 72
? 28 73
? 7 52
? 21 66
? 17 62
? 10 55
? 53 98
? 29 74
? 40 85
? 51 96
? 42 87
? 2 47
? 19 64
? 44 89
? 50 95
? 22 67
? 12 57
? 24 69
? 36 81
? 8 53
? 6 51
? 46 91
? 54 99
? 3 48
? 35 80
? 48 93
? 4 49
? 31 76
? 23 68
? 39 84
? 1 46
? 20 65
? 41 86
? 45 90
? 38 83
? 43 88
? 26 71
? 37 82
? 52 97
? 55 100
? 25 70
? 11 56
? 49 94
? 34 79
? 15 60
? 47 92
? 18 62
? 21 65
? 30 74
? 20 64
? 48 92
? 7 51
? 6 50
? 55 99
? 41 85
? 19 63
? 49 93
? 11 55
? 27 71
? 2 46
? 16 60
? 4 48
? 53 97
? 51 95
? 28 72
? 31 75
? 42 86
? 50 94
? 46 90
? 8 52
? 36 80
? 1 45
? 24 68
? 12 56
? 15 59
? 14 58
? 25 69
? 9 53
? 43 87
? 3 47
? 38 82
? 45 89
? 26 70
? 29 73
? 33 77
? 40 84
? 52 96
? 17 61
? 5 49
? 13 57
? 10 54
? 34 78
? 37 81
? 47 91
? 32 76
? 23 67
? 22 66
? 54 98
? 35 79
? 56 100
? 44 88
? 39 83
? 42 85
? 29 72
? 19 62
? 28 71
? 27 70
? 44 87
? 3 46
? 30 73
? 47 90
? 2 45
? 48 91
? 33 76
? 35 78
? 21 64
? 5 48
? 22 65
? 32 75
? 41 84
? 56 99
? 39 82
? 23 66
? 1 44
? 20 63
? 26 69
? 4 47
? 31 74
? 6 49
? 46 89
? 24 67
? 36 79
? 25 68
? 43 86
? 55 98
? 57 100
? 45 88
? 52 95
? 18 61
? 53 96
? 51 94
? 10 53
? 13 56
? 14 57
? 9 52
? 38 81
? 34 77
? 15 58
? 12 55
? 8 51
? 50 93
? 49 92
? 16 59
? 7 50
? 40 83
? 37 80
? 17 60
? 11 54
? 54 97
? 3 45
? 26 68
? 45 87
? 42 84
? 27 69
? 14 56
? 17 59
? 48 90
? 37 79
? 28 70
? 6 48
? 34 76
? 51 93
? 47 89
? 53 95
? 2 44
? 55 97
? 44 86
? 18 60
? 5 47
? 33 75
? 23 65
? 11 53
? 16 58
? 54 96
? 41 83
? 4 46
? 50 92
? 56 98
? 8 50
? 46 88
? 24 66
? 9 51
? 21 63
? 15 57
? 36 78
? 22 64
? 7 49
? 49 91
? 25 67
? 20 62
? 57 99
? 39 81
? 35 77
? 43 85
? 58 100
? 13 55
? 10 52
? 1 43
? 31 73
? 30 72
? 29 71
? 32 74
? 19 61
? 38 80
? 12 54
? 52 94
? 40 82
? 3 44
? 26 67
? 30 71
? 16 57
? 24 65
? 9 50
? 1 42
? 31 72
? 23 64
? 45 86
? 11 52
? 42 83
? 40 81
? 38 79
? 50 91
? 46 87
? 35 76
? 49 90
? 12 53
? 54 95
? 8 49
? 25 66
? 15 56
? 34 75
? 59 100
? 20 61
? 4 45
? 36 77
? 57 98
? 33 74
? 41 82
? 53 94
? 28 69
? 22 63
? 7 48
? 6 47
? 37 78
? 32 73
? 29 70
? 51 92
? 19 60
? 56 97
? 17 58
? 2 43
? 47 88
? 52 93
? 55 96
? 5 46
? 18 59
? 44 85
? 14 55
? 39 80
? 21 62
? 48 89
? 43 84
? 13 54
? 58 99
? 10 51
? 27 68
? 5 45
? 24 64
? 52 92
? 1 41
? 54 94
? 55 95
? 56 96
? 11 51
? 47 87
? 22 62
? 12 52
? 44 84
? 17 57
? 59 99
? 23 63
? 42 82
? 8 48
? 39 79
? 50 90
? 4 44
? 32 72
? 43 83
? 41 81
? 7 47
? 31 71
? 16 56
? 21 61
? 58 98
? 57 97
? 60 100
? 26 66
? 9 49
? 34 74
? 30 70
? 3 43
? 45 85
? 27 67
? 13 53
? 14 54
? 48 88
? 46 86
? 28 68
? 10 50
? 6 46
? 37 77
? 51 91
? 19 59
? 29 69
? 53 93
? 38 78
? 2 42
? 18 58
? 49 89
? 40 80
? 35 75
? 20 60
? 25 65
? 15 55
? 36 76
? 33 73
? 54 93
? 43 82
? 32 71
? 51 90
? 25 64
? 33 72
? 36 75
? 61 100
? 52 91
? 40 79
? 53 92
? 24 63
? 22 61
? 47 86
? 29 68
? 46 85
? 10 49
? 2 41
? 5 44
? 44 83
? 16 55
? 15 54
? 31 70
? 60 99
? 26 65
? 9 48
? 35 74
? 4 43
? 50 89
? 57 96
? 3 42
? 23 62
? 30 69
? 11 50
? 28 67
? 45 84
? 13 52
? 27 66
? 1 40
? 38 77
? 12 51
? 56 95
? 14 53
? 8 47
? 39 78
? 58 97
? 42 81
? 34 73
? 18 57
? 59 98
? 19 58
? 55 94
? 48 87
? 17 56
? 20 59
? 37 76
? 6 45
? 7 46
? 41 80
? 49 88
? 21 60
? 6 44
? 53 91
? 18 56
? 23 61
? 16 54
? 28 66
? 2 40
? 10 48
? 44 82
? 29 67
? 19 57
? 13 51
? 56 94
? 40 78
? 39 77
? 21 59
? 60 98
? 30 68
? 35 73
? 9 47
? 42 80
? 46 84
? 36 74
? 25 63
? 49 87
? 4 42
? 15 53
? 57 95
? 54 92
? 20 58
? 24 62
? 33 71
? 26 64
? 58 96
? 3 41
? 34 72
? 45 83
? 50 88
? 41 79
? 27 65
? 8 46
? 48 86
? 14 52
? 11 49
? 51 89
? 61 99
? 32 70
? 17 55
? 12 50
? 38 76
? 37 75
? 5 43
? 1 39
? 22 60
? 47 85
? 31 69
? 43 81
? 59 97
? 7 45
? 55 93
? 52 90
? 62 100
? 53 90
? 12 49
? 17 54
